WARNING:werkzeug: * Debugger is active!
INFO:werkzeug: * Debugger PIN: 277-437-979
INFO:werkzeug: * Running on http://localhost:8777/ (Press CTRL+C to quit)
INFO:werkzeug: * Detected change in 'C:\\Users\\±Ë¡÷øœ\\PycharmProjects\\webservice\\application.py', reloading
INFO:root:Flask web Server Started!!
INFO:werkzeug: * Restarting with stat
INFO:root:Flask web Server Started!!
WARNING:werkzeug: * Debugger is active!
INFO:werkzeug: * Debugger PIN: 277-437-979
INFO:werkzeug: * Running on http://localhost:8777/ (Press CTRL+C to quit)
INFO:werkzeug: * Detected change in 'C:\\Users\\±Ë¡÷øœ\\PycharmProjects\\webservice\\application.py', reloading
INFO:werkzeug: * Restarting with stat
INFO:root:Flask web Server Started!!
WARNING:werkzeug: * Debugger is active!
INFO:werkzeug: * Debugger PIN: 277-437-979
INFO:werkzeug: * Running on http://localhost:8777/ (Press CTRL+C to quit)
INFO:werkzeug: * Detected change in 'C:\\Users\\±Ë¡÷øœ\\PycharmProjects\\webservice\\application.py', reloading
INFO:werkzeug: * Restarting with stat
INFO:root:Flask web Server Started!!
WARNING:werkzeug: * Debugger is active!
INFO:werkzeug: * Debugger PIN: 277-437-979
INFO:werkzeug: * Running on http://localhost:8777/ (Press CTRL+C to quit)
ERROR:root:root!!!
INFO:werkzeug:127.0.0.1 - - [02/Oct/2019 11:26:32] "GET / HTTP/1.1" 200 -
INFO:werkzeug: * Detected change in 'C:\\Users\\±Ë¡÷øœ\\PycharmProjects\\webservice\\application.py', reloading
INFO:werkzeug: * Restarting with stat
INFO:root:Flask web Server Started!!
WARNING:werkzeug: * Debugger is active!
INFO:werkzeug: * Debugger PIN: 277-437-979
INFO:werkzeug: * Running on http://localhost:8777/ (Press CTRL+C to quit)
INFO:root:before_request
ERROR:root:root!!!
INFO:werkzeug:127.0.0.1 - - [02/Oct/2019 11:31:12] "GET / HTTP/1.1" 200 -
INFO:root:before_request
ERROR:root:root!!!
INFO:werkzeug:127.0.0.1 - - [02/Oct/2019 11:31:16] "GET / HTTP/1.1" 200 -
INFO:root:before_request
INFO:werkzeug:127.0.0.1 - - [02/Oct/2019 11:31:26] "GET /add/3/4 HTTP/1.1" 200 -
INFO:werkzeug: * Detected change in 'C:\\Users\\±Ë¡÷øœ\\PycharmProjects\\webservice\\application.py', reloading
INFO:werkzeug: * Restarting with stat
INFO:root:Flask web Server Started!!
WARNING:werkzeug: * Debugger is active!
INFO:werkzeug: * Debugger PIN: 277-437-979
INFO:werkzeug: * Running on http://localhost:8777/ (Press CTRL+C to quit)
INFO:werkzeug: * Detected change in 'C:\\Users\\±Ë¡÷øœ\\PycharmProjects\\webservice\\application.py', reloading
INFO:werkzeug: * Restarting with stat
INFO:root:Flask web Server Started!!
WARNING:werkzeug: * Debugger is active!
INFO:werkzeug: * Debugger PIN: 277-437-979
INFO:werkzeug: * Running on http://localhost:8777/ (Press CTRL+C to quit)
INFO:werkzeug: * Detected change in 'C:\\Users\\±Ë¡÷øœ\\PycharmProjects\\webservice\\application.py', reloading
INFO:werkzeug: * Restarting with stat
INFO:root:Flask web Server Started!!
INFO:werkzeug: * Restarting with stat
INFO:root:Flask web Server Started!!
WARNING:werkzeug: * Debugger is active!
INFO:werkzeug: * Debugger PIN: 277-437-979
INFO:werkzeug: * Running on http://localhost:8777/ (Press CTRL+C to quit)
INFO:root:before_request
ERROR:root:root!!!
INFO:werkzeug:127.0.0.1 - - [02/Oct/2019 11:53:27] "GET / HTTP/1.1" 200 -
INFO:root:before_request
INFO:werkzeug:127.0.0.1 - - [02/Oct/2019 11:53:33] "GET /news/sports HTTP/1.1" 200 -
INFO:root:before_request
INFO:werkzeug:127.0.0.1 - - [02/Oct/2019 11:53:41] "GET /news/science HTTP/1.1" 200 -
INFO:root:Flask web Server Started!!
INFO:werkzeug: * Restarting with stat
INFO:root:Flask web Server Started!!
WARNING:werkzeug: * Debugger is active!
INFO:werkzeug: * Debugger PIN: 277-437-979
INFO:werkzeug: * Running on http://localhost:8777/ (Press CTRL+C to quit)
INFO:werkzeug:127.0.0.1 - - [02/Oct/2019 12:17:19] "GET /news/science HTTP/1.1" 404 -
ERROR:root:root!!!
INFO:werkzeug:127.0.0.1 - - [02/Oct/2019 12:17:24] "GET / HTTP/1.1" 200 -
INFO:werkzeug:127.0.0.1 - - [02/Oct/2019 12:17:29] "GET /html_test HTTP/1.1" 200 -
INFO:werkzeug:127.0.0.1 - - [02/Oct/2019 12:18:36] "GET /html_test HTTP/1.1" 200 -
INFO:werkzeug:127.0.0.1 - - [02/Oct/2019 12:29:41] "GET /html_test HTTP/1.1" 200 -
INFO:werkzeug:127.0.0.1 - - [02/Oct/2019 12:29:41] "GET /css/bootstrap.min.css HTTP/1.1" 404 -
INFO:werkzeug:127.0.0.1 - - [02/Oct/2019 12:29:41] "GET /js/bootstrap.min.js HTTP/1.1" 404 -
INFO:werkzeug:127.0.0.1 - - [02/Oct/2019 12:30:12] "GET /html_test HTTP/1.1" 200 -
INFO:werkzeug:127.0.0.1 - - [02/Oct/2019 12:30:12] "GET /static/css/bootstrap.min.css HTTP/1.1" 200 -
INFO:werkzeug:127.0.0.1 - - [02/Oct/2019 12:30:12] "GET /js/bootstrap.min.js HTTP/1.1" 404 -
INFO:werkzeug:127.0.0.1 - - [02/Oct/2019 12:30:12] "GET /static/css/bootstrap.min.css.map HTTP/1.1" 200 -
INFO:werkzeug:127.0.0.1 - - [02/Oct/2019 12:30:25] "GET /html_test HTTP/1.1" 200 -
INFO:werkzeug:127.0.0.1 - - [02/Oct/2019 12:30:25] "GET /static/js/bootstrap.min.js HTTP/1.1" 200 -
INFO:werkzeug:127.0.0.1 - - [02/Oct/2019 12:30:25] "GET /static/js/bootstrap.min.js.map HTTP/1.1" 200 -
INFO:root:Flask web Server Started!!
INFO:werkzeug: * Restarting with stat
INFO:root:Flask web Server Started!!
WARNING:werkzeug: * Debugger is active!
INFO:werkzeug: * Debugger PIN: 277-437-979
INFO:werkzeug: * Running on http://localhost:8777/ (Press CTRL+C to quit)
ERROR:root:root!!!
INFO:werkzeug:127.0.0.1 - - [08/Oct/2019 11:21:41] "GET / HTTP/1.1" 200 -
INFO:werkzeug:127.0.0.1 - - [08/Oct/2019 11:21:41] "GET /favicon.ico HTTP/1.1" 404 -
INFO:werkzeug:127.0.0.1 - - [08/Oct/2019 11:22:29] "GET /html_test HTTP/1.1" 200 -
INFO:werkzeug:127.0.0.1 - - [08/Oct/2019 11:22:29] "GET /static/css/bootstrap.min.css HTTP/1.1" 200 -
INFO:werkzeug:127.0.0.1 - - [08/Oct/2019 11:22:29] "GET /static/js/bootstrap.min.js HTTP/1.1" 200 -
INFO:werkzeug:127.0.0.1 - - [08/Oct/2019 11:38:24] "GET /html_test HTTP/1.1" 200 -
ERROR:root:root!!!
INFO:werkzeug:127.0.0.1 - - [08/Oct/2019 11:38:25] "GET / HTTP/1.1" 200 -
INFO:werkzeug:127.0.0.1 - - [08/Oct/2019 11:38:30] "GET /html_test HTTP/1.1" 200 -
INFO:root:Flask web Server Started!!
INFO:werkzeug: * Restarting with stat
INFO:root:Flask web Server Started!!
WARNING:werkzeug: * Debugger is active!
INFO:werkzeug: * Debugger PIN: 277-437-979
INFO:werkzeug: * Running on http://localhost:8777/ (Press CTRL+C to quit)
ERROR:root:root!!!
INFO:werkzeug:127.0.0.1 - - [22/Oct/2019 12:39:31] "GET / HTTP/1.1" 200 -
INFO:werkzeug:127.0.0.1 - - [22/Oct/2019 12:39:31] "GET /favicon.ico HTTP/1.1" 404 -
INFO:werkzeug:127.0.0.1 - - [22/Oct/2019 12:39:35] "GET /resource HTTP/1.1" 404 -
INFO:werkzeug:127.0.0.1 - - [22/Oct/2019 12:39:58] "GET /resource HTTP/1.1" 404 -
INFO:werkzeug:127.0.0.1 - - [22/Oct/2019 12:40:06] "GET /resource HTTP/1.1" 404 -
INFO:werkzeug:127.0.0.1 - - [22/Oct/2019 12:41:16] "GET /resource HTTP/1.1" 404 -
INFO:werkzeug:127.0.0.1 - - [22/Oct/2019 12:41:29] "GET /resource_check HTTP/1.1" 404 -
INFO:werkzeug:127.0.0.1 - - [22/Oct/2019 12:41:39] "GET /resource/resource_check HTTP/1.1" 200 -
INFO:root:Flask web Server Started!!
INFO:werkzeug: * Restarting with stat
INFO:root:Flask web Server Started!!
WARNING:werkzeug: * Debugger is active!
INFO:werkzeug: * Debugger PIN: 277-437-979
INFO:werkzeug: * Running on http://localhost:8777/ (Press CTRL+C to quit)
ERROR:root:root!!!
INFO:werkzeug:127.0.0.1 - - [23/Oct/2019 11:45:01] "GET / HTTP/1.1" 200 -
INFO:werkzeug:127.0.0.1 - - [23/Oct/2019 11:45:01] "GET /favicon.ico HTTP/1.1" 404 -
INFO:werkzeug:127.0.0.1 - - [23/Oct/2019 11:45:10] "GET /resource/1 HTTP/1.1" 404 -
INFO:werkzeug:127.0.0.1 - - [23/Oct/2019 11:45:13] "GET /resource/t1 HTTP/1.1" 200 -
INFO:werkzeug:127.0.0.1 - - [23/Oct/2019 11:45:17] "GET /resource/t2 HTTP/1.1" 200 -
INFO:werkzeug:127.0.0.1 - - [23/Oct/2019 11:45:19] "GET /resource/t1 HTTP/1.1" 200 -
INFO:werkzeug:127.0.0.1 - - [23/Oct/2019 12:18:58] "GET /resource/t1 HTTP/1.1" 200 -
INFO:werkzeug:127.0.0.1 - - [23/Oct/2019 12:21:28] "DELETE /resource/t1 HTTP/1.1" 204 -
INFO:werkzeug:127.0.0.1 - - [23/Oct/2019 12:21:34] "GET /resource/t1 HTTP/1.1" 404 -
INFO:werkzeug:127.0.0.1 - - [23/Oct/2019 12:22:49] "DELETE /resource/t1 HTTP/1.1" 404 -
INFO:werkzeug: * Detected change in 'C:\\Users\\±Ë¡÷øœ\\PycharmProjects\\webservice\\rest_server\\resource.py', reloading
INFO:werkzeug: * Restarting with stat
INFO:root:Flask web Server Started!!
WARNING:werkzeug: * Debugger is active!
INFO:werkzeug: * Debugger PIN: 277-437-979
INFO:werkzeug: * Running on http://localhost:8777/ (Press CTRL+C to quit)
INFO:werkzeug: * Detected change in 'C:\\Users\\±Ë¡÷øœ\\PycharmProjects\\webservice\\rest_server\\resource.py', reloading
INFO:werkzeug: * Restarting with stat
INFO:root:Flask web Server Started!!
WARNING:werkzeug: * Debugger is active!
INFO:werkzeug: * Debugger PIN: 277-437-979
INFO:werkzeug: * Running on http://localhost:8777/ (Press CTRL+C to quit)
INFO:werkzeug:127.0.0.1 - - [23/Oct/2019 12:23:50] "DELETE /resource/t1 HTTP/1.1" 204 -
INFO:werkzeug:127.0.0.1 - - [23/Oct/2019 12:24:51] "GET /resource/t2 HTTP/1.1" 200 -
INFO:werkzeug:127.0.0.1 - - [23/Oct/2019 12:25:45] "PUT /resource/t2?temperature=100 HTTP/1.1" 200 -
INFO:werkzeug:127.0.0.1 - - [23/Oct/2019 12:26:01] "GET /resource/t2 HTTP/1.1" 200 -
INFO:werkzeug:127.0.0.1 - - [23/Oct/2019 12:30:21] "PUT /resource/t2 HTTP/1.1" 200 -
INFO:werkzeug:127.0.0.1 - - [23/Oct/2019 12:30:26] "GET /resource/t2 HTTP/1.1" 200 -
INFO:werkzeug: * Detected change in 'C:\\Users\\±Ë¡÷øœ\\PycharmProjects\\webservice\\application.py', reloading
INFO:werkzeug: * Restarting with stat
INFO:root:Flask web Server Started!!
WARNING:werkzeug: * Debugger is active!
INFO:werkzeug: * Debugger PIN: 277-437-979
INFO:werkzeug: * Running on http://localhost:8777/ (Press CTRL+C to quit)
INFO:werkzeug:127.0.0.1 - - [23/Oct/2019 12:39:55] "POST /resource_creation HTTP/1.1" 201 -
INFO:werkzeug:127.0.0.1 - - [23/Oct/2019 12:40:12] "GET /resource/t3 HTTP/1.1" 404 -
INFO:werkzeug:127.0.0.1 - - [23/Oct/2019 12:40:43] "POST /resource_creation HTTP/1.1" 201 -
INFO:werkzeug:127.0.0.1 - - [23/Oct/2019 12:42:07] "POST /resource_creation HTTP/1.1" 201 -
INFO:werkzeug:127.0.0.1 - - [23/Oct/2019 12:42:18] "POST /resource_creation HTTP/1.1" 201 -
INFO:werkzeug:127.0.0.1 - - [23/Oct/2019 12:43:11] "POST /resource_creation HTTP/1.1" 201 -
INFO:werkzeug:127.0.0.1 - - [23/Oct/2019 12:43:21] "GET /resource/t1 HTTP/1.1" 404 -
INFO:werkzeug:127.0.0.1 - - [23/Oct/2019 12:43:24] "GET /resource/t1 HTTP/1.1" 404 -
INFO:werkzeug:127.0.0.1 - - [23/Oct/2019 12:43:28] "GET /resource/t2 HTTP/1.1" 200 -
INFO:werkzeug:127.0.0.1 - - [23/Oct/2019 12:43:31] "GET /resource/t3 HTTP/1.1" 404 -
INFO:werkzeug:127.0.0.1 - - [23/Oct/2019 12:43:33] "GET /resource/t4 HTTP/1.1" 404 -
INFO:werkzeug:127.0.0.1 - - [23/Oct/2019 12:43:36] "GET /resource/t5 HTTP/1.1" 404 -
INFO:werkzeug:127.0.0.1 - - [23/Oct/2019 12:43:39] "GET /resource HTTP/1.1" 404 -
INFO:werkzeug:127.0.0.1 - - [23/Oct/2019 12:43:45] "GET /resource/resource_check HTTP/1.1" 200 -
INFO:werkzeug:127.0.0.1 - - [23/Oct/2019 12:44:02] "GET /resource/t2 HTTP/1.1" 200 -
INFO:werkzeug:127.0.0.1 - - [23/Oct/2019 12:46:49] "POST /resource_creation HTTP/1.1" 201 -
INFO:werkzeug:127.0.0.1 - - [23/Oct/2019 12:47:01] "POST /resource_creation HTTP/1.1" 201 -
INFO:werkzeug:127.0.0.1 - - [23/Oct/2019 12:47:30] "POST /resource_creation HTTP/1.1" 201 -
INFO:werkzeug:127.0.0.1 - - [23/Oct/2019 12:47:51] "POST /resource/resource_check HTTP/1.1" 405 -
INFO:werkzeug:127.0.0.1 - - [23/Oct/2019 12:47:54] "GET /resource/resource_check HTTP/1.1" 200 -
INFO:root:Flask web Server Started!!
INFO:werkzeug: * Restarting with stat
INFO:root:Flask web Server Started!!
WARNING:werkzeug: * Debugger is active!
INFO:werkzeug: * Debugger PIN: 277-437-979
INFO:werkzeug: * Running on http://localhost:8777/ (Press CTRL+C to quit)
ERROR:root:root!!!
INFO:werkzeug:127.0.0.1 - - [29/Oct/2019 11:13:18] "GET / HTTP/1.1" 200 -
INFO:werkzeug:127.0.0.1 - - [29/Oct/2019 11:13:19] "GET /favicon.ico HTTP/1.1" 404 -
INFO:werkzeug:127.0.0.1 - - [29/Oct/2019 11:13:25] "GET /resource/resource_check HTTP/1.1" 200 -
INFO:werkzeug:127.0.0.1 - - [29/Oct/2019 11:14:19] "GET /resource/res HTTP/1.1" 404 -
INFO:werkzeug:127.0.0.1 - - [29/Oct/2019 11:14:28] "GET /resource/resource_check HTTP/1.1" 200 -
INFO:werkzeug:127.0.0.1 - - [29/Oct/2019 11:32:29] "POST /resource_creation HTTP/1.1" 201 -
INFO:werkzeug:127.0.0.1 - - [29/Oct/2019 11:32:53] "GET /resource/resource_check HTTP/1.1" 200 -
INFO:werkzeug:127.0.0.1 - - [29/Oct/2019 11:33:22] "POST /resource_creation HTTP/1.1" 201 -
INFO:werkzeug:127.0.0.1 - - [29/Oct/2019 11:33:26] "GET /resource/resource_check HTTP/1.1" 200 -
INFO:werkzeug: * Detected change in 'C:\\Users\\±Ë¡÷øœ\\PycharmProjects\\webservice\\application.py', reloading
INFO:werkzeug: * Restarting with stat
INFO:root:Flask web Server Started!!
WARNING:werkzeug: * Debugger is active!
INFO:werkzeug: * Debugger PIN: 277-437-979
INFO:werkzeug: * Running on http://localhost:8777/ (Press CTRL+C to quit)
INFO:werkzeug:127.0.0.1 - - [29/Oct/2019 11:47:08] "GET /resource/resource_check HTTP/1.1" 200 -
INFO:werkzeug: * Detected change in 'C:\\Users\\±Ë¡÷øœ\\PycharmProjects\\webservice\\database\\resource_db_access.py', reloading
INFO:werkzeug: * Restarting with stat
INFO:root:Flask web Server Started!!
WARNING:werkzeug: * Debugger is active!
INFO:werkzeug: * Debugger PIN: 277-437-979
INFO:werkzeug: * Running on http://localhost:8777/ (Press CTRL+C to quit)
INFO:werkzeug: * Detected change in 'C:\\Users\\±Ë¡÷øœ\\PycharmProjects\\webservice\\database\\resource_db_access.py', reloading
INFO:werkzeug: * Restarting with stat
INFO:root:Flask web Server Started!!
WARNING:werkzeug: * Debugger is active!
INFO:werkzeug: * Debugger PIN: 277-437-979
INFO:werkzeug: * Running on http://localhost:8777/ (Press CTRL+C to quit)
INFO:werkzeug:127.0.0.1 - - [29/Oct/2019 11:49:43] "GET /resource_location/1 HTTP/1.1" 404 -
INFO:werkzeug:127.0.0.1 - - [29/Oct/2019 11:50:10] "GET /resource_location/2 HTTP/1.1" 404 -
INFO:root:Flask web Server Started!!
INFO:werkzeug: * Restarting with stat
INFO:root:Flask web Server Started!!
WARNING:werkzeug: * Debugger is active!
INFO:werkzeug: * Debugger PIN: 277-437-979
INFO:werkzeug: * Running on http://localhost:8777/ (Press CTRL+C to quit)
INFO:werkzeug:127.0.0.1 - - [29/Oct/2019 11:50:35] "GET /resource/resource_check HTTP/1.1" 200 -
INFO:werkzeug:127.0.0.1 - - [29/Oct/2019 11:50:48] "GET /resource_location/1 HTTP/1.1" 404 -
INFO:werkzeug:127.0.0.1 - - [29/Oct/2019 11:51:18] "GET /resource/resource_location/1 HTTP/1.1" 404 -
INFO:werkzeug:127.0.0.1 - - [29/Oct/2019 11:51:27] "GET /resource_location HTTP/1.1" 500 -
INFO:werkzeug:127.0.0.1 - - [29/Oct/2019 11:51:34] "GET /resource_location/1 HTTP/1.1" 404 -
INFO:werkzeug:127.0.0.1 - - [29/Oct/2019 11:51:40] "GET /resource_location/1_123 HTTP/1.1" 404 -
INFO:werkzeug:127.0.0.1 - - [29/Oct/2019 11:51:45] "GET /resource_location?1 HTTP/1.1" 500 -
INFO:werkzeug:127.0.0.1 - - [29/Oct/2019 11:51:50] "GET /resource_location/123 HTTP/1.1" 404 -
INFO:werkzeug:127.0.0.1 - - [29/Oct/2019 11:52:54] "GET /resource_location/123 HTTP/1.1" 404 -
INFO:werkzeug: * Detected change in 'C:\\Users\\±Ë¡÷øœ\\PycharmProjects\\webservice\\application.py', reloading
INFO:werkzeug: * Restarting with stat
INFO:root:Flask web Server Started!!
WARNING:werkzeug: * Debugger is active!
INFO:werkzeug: * Debugger PIN: 277-437-979
INFO:werkzeug: * Running on http://localhost:8777/ (Press CTRL+C to quit)
INFO:werkzeug:127.0.0.1 - - [29/Oct/2019 11:53:23] "GET /resource_location/123 HTTP/1.1" 404 -
INFO:werkzeug:127.0.0.1 - - [29/Oct/2019 11:53:30] "GET /resource_location/1 HTTP/1.1" 200 -
INFO:root:Flask web Server Started!!
INFO:werkzeug: * Restarting with stat
INFO:root:Flask web Server Started!!
WARNING:werkzeug: * Debugger is active!
INFO:werkzeug: * Debugger PIN: 277-437-979
INFO:werkzeug: * Running on http://localhost:8777/ (Press CTRL+C to quit)
INFO:werkzeug:127.0.0.1 - - [29/Oct/2019 12:21:05] "GET /resource/t2 HTTP/1.1" 200 -
INFO:werkzeug:127.0.0.1 - - [29/Oct/2019 12:21:22] "GET /resource/t2 HTTP/1.1" 200 -
INFO:werkzeug:127.0.0.1 - - [29/Oct/2019 12:21:24] "GET /resource/location/4th HTTP/1.1" 404 -
INFO:werkzeug:127.0.0.1 - - [29/Oct/2019 12:22:21] "GET /resource/t2 HTTP/1.1" 200 -
INFO:werkzeug:127.0.0.1 - - [29/Oct/2019 12:22:23] "GET /resource_location/1 HTTP/1.1" 200 -
INFO:werkzeug:127.0.0.1 - - [29/Oct/2019 12:22:46] "POST /resource_creation HTTP/1.1" 201 -
INFO:werkzeug:127.0.0.1 - - [29/Oct/2019 12:23:08] "GET /resource/resource_check HTTP/1.1" 200 -
INFO:werkzeug:127.0.0.1 - - [29/Oct/2019 12:23:21] "DELETE /resource/t7 HTTP/1.1" 204 -
INFO:werkzeug:127.0.0.1 - - [29/Oct/2019 12:23:27] "GET /resource/resource_check HTTP/1.1" 200 -
INFO:werkzeug:127.0.0.1 - - [29/Oct/2019 12:26:27] "POST /resource_creation HTTP/1.1" 201 -
INFO:werkzeug:127.0.0.1 - - [29/Oct/2019 12:26:31] "GET /resource/resource_check HTTP/1.1" 200 -
INFO:werkzeug:127.0.0.1 - - [29/Oct/2019 12:26:50] "PUT /resource/t7 HTTP/1.1" 200 -
INFO:werkzeug:127.0.0.1 - - [29/Oct/2019 12:26:59] "GET /resource/resource_check HTTP/1.1" 200 -
INFO:werkzeug:127.0.0.1 - - [29/Oct/2019 12:27:09] "DELETE /resource/t7 HTTP/1.1" 204 -
INFO:werkzeug:127.0.0.1 - - [29/Oct/2019 12:27:13] "GET /resource/resource_check HTTP/1.1" 200 -
INFO:werkzeug:127.0.0.1 - - [29/Oct/2019 12:31:25] "GET /resource/t2 HTTP/1.1" 200 -
INFO:werkzeug:127.0.0.1 - - [29/Oct/2019 12:31:27] "GET /resource_location/1 HTTP/1.1" 200 -
INFO:werkzeug:127.0.0.1 - - [29/Oct/2019 12:42:04] "GET /resource/resource_check HTTP/1.1" 200 -
INFO:root:Flask web Server Started!!
INFO:werkzeug: * Restarting with stat
INFO:root:Flask web Server Started!!
WARNING:werkzeug: * Debugger is active!
INFO:werkzeug: * Debugger PIN: 277-437-979
INFO:werkzeug: * Running on http://localhost:8777/ (Press CTRL+C to quit)
INFO:werkzeug: * Detected change in 'C:\\Users\\±Ë¡÷øœ\\PycharmProjects\\webservice\\keys.py', reloading
INFO:werkzeug: * Restarting with stat
INFO:root:Flask web Server Started!!
WARNING:werkzeug: * Debugger is active!
INFO:werkzeug: * Debugger PIN: 277-437-979
INFO:werkzeug: * Running on http://localhost:8777/ (Press CTRL+C to quit)
INFO:werkzeug: * Detected change in 'C:\\Users\\±Ë¡÷øœ\\PycharmProjects\\webservice\\news.py', reloading
INFO:werkzeug: * Restarting with stat
INFO:root:Flask web Server Started!!
WARNING:werkzeug: * Debugger is active!
INFO:werkzeug: * Debugger PIN: 277-437-979
INFO:werkzeug: * Running on http://localhost:8777/ (Press CTRL+C to quit)
INFO:werkzeug: * Detected change in 'C:\\Users\\±Ë¡÷øœ\\PycharmProjects\\webservice\\news.py', reloading
INFO:werkzeug: * Restarting with stat
INFO:root:Flask web Server Started!!
WARNING:werkzeug: * Debugger is active!
INFO:werkzeug: * Debugger PIN: 277-437-979
INFO:werkzeug: * Running on http://localhost:8777/ (Press CTRL+C to quit)
INFO:werkzeug: * Detected change in 'C:\\Users\\±Ë¡÷øœ\\PycharmProjects\\webservice\\news.py', reloading
INFO:werkzeug: * Restarting with stat
INFO:root:Flask web Server Started!!
WARNING:werkzeug: * Debugger is active!
INFO:werkzeug: * Debugger PIN: 277-437-979
INFO:werkzeug: * Running on http://localhost:8777/ (Press CTRL+C to quit)
INFO:werkzeug:127.0.0.1 - - [30/Oct/2019 12:48:48] "GET /add/3/4 HTTP/1.1" 404 -
INFO:werkzeug:127.0.0.1 - - [30/Oct/2019 12:48:48] "GET /favicon.ico HTTP/1.1" 404 -
INFO:werkzeug:127.0.0.1 - - [30/Oct/2019 12:48:52] "GET /images HTTP/1.1" 404 -
INFO:root:Flask web Server Started!!
INFO:werkzeug: * Restarting with stat
INFO:root:Flask web Server Started!!
WARNING:werkzeug: * Debugger is active!
INFO:werkzeug: * Debugger PIN: 277-437-979
INFO:werkzeug: * Running on http://localhost:8777/ (Press CTRL+C to quit)
ERROR:root:root!!!
INFO:werkzeug:127.0.0.1 - - [30/Oct/2019 12:49:14] "GET / HTTP/1.1" 200 -
INFO:werkzeug:127.0.0.1 - - [30/Oct/2019 12:49:17] "GET /images HTTP/1.1" 404 -
INFO:werkzeug:127.0.0.1 - - [30/Oct/2019 12:49:38] "GET /news/images HTTP/1.1" 404 -
INFO:werkzeug:127.0.0.1 - - [30/Oct/2019 12:49:42] "GET /news HTTP/1.1" 404 -
INFO:werkzeug:127.0.0.1 - - [30/Oct/2019 12:50:11] "GET /news/images HTTP/1.1" 404 -
INFO:werkzeug:127.0.0.1 - - [30/Oct/2019 12:50:22] "GET /news/sports HTTP/1.1" 404 -
INFO:root:Flask web Server Started!!
INFO:werkzeug: * Restarting with stat
INFO:root:Flask web Server Started!!
WARNING:werkzeug: * Debugger is active!
INFO:werkzeug: * Debugger PIN: 277-437-979
INFO:werkzeug: * Running on http://localhost:8777/ (Press CTRL+C to quit)
ERROR:root:root!!!
INFO:werkzeug:127.0.0.1 - - [05/Nov/2019 11:11:53] "GET / HTTP/1.1" 200 -
INFO:werkzeug:127.0.0.1 - - [05/Nov/2019 11:11:53] "GET /favicon.ico HTTP/1.1" 404 -
INFO:werkzeug:127.0.0.1 - - [05/Nov/2019 11:11:57] "GET /news HTTP/1.1" 404 -
INFO:werkzeug:127.0.0.1 - - [05/Nov/2019 11:12:22] "GET /news/ HTTP/1.1" 404 -
INFO:werkzeug:127.0.0.1 - - [05/Nov/2019 11:12:27] "GET /news/main HTTP/1.1" 404 -
INFO:werkzeug: * Detected change in 'C:\\Users\\±Ë¡÷øœ\\PycharmProjects\\webservice\\news.py', reloading
INFO:werkzeug: * Restarting with stat
INFO:root:Flask web Server Started!!
WARNING:werkzeug: * Debugger is active!
INFO:werkzeug: * Debugger PIN: 277-437-979
INFO:werkzeug: * Running on http://localhost:8777/ (Press CTRL+C to quit)
INFO:werkzeug: * Detected change in 'C:\\Users\\±Ë¡÷øœ\\PycharmProjects\\webservice\\news.py', reloading
INFO:werkzeug: * Restarting with stat
INFO:root:Flask web Server Started!!
INFO:werkzeug: * Restarting with stat
INFO:root:Flask web Server Started!!
WARNING:werkzeug: * Debugger is active!
INFO:werkzeug: * Debugger PIN: 277-437-979
INFO:werkzeug: * Running on http://localhost:8777/ (Press CTRL+C to quit)
ERROR:root:root!!!
INFO:werkzeug:127.0.0.1 - - [05/Nov/2019 11:16:18] "GET / HTTP/1.1" 200 -
INFO:werkzeug:127.0.0.1 - - [05/Nov/2019 11:16:22] "GET /news HTTP/1.1" 404 -
INFO:werkzeug: * Detected change in 'C:\\Users\\±Ë¡÷øœ\\PycharmProjects\\webservice\\news.py', reloading
INFO:werkzeug: * Restarting with stat
INFO:root:Flask web Server Started!!
WARNING:werkzeug: * Debugger is active!
INFO:werkzeug: * Debugger PIN: 277-437-979
INFO:werkzeug: * Running on http://localhost:8777/ (Press CTRL+C to quit)
INFO:werkzeug:127.0.0.1 - - [05/Nov/2019 11:17:38] "GET /news/sports HTTP/1.1" 200 -
DEBUG:urllib3.connectionpool:Starting new HTTPS connection (1): dapi.kakao.com:443
DEBUG:urllib3.connectionpool:https://dapi.kakao.com:443 "GET /v3/search/book?target=title&query=%EB%AF%B8%EC%9B%80%EB%B0%9B%EC%9D%84%20%EC%9A%A9%EA%B8%B0 HTTP/1.1" 200 None
INFO:werkzeug:127.0.0.1 - - [05/Nov/2019 11:17:43] "GET /news/images HTTP/1.1" 500 -
INFO:werkzeug:127.0.0.1 - - [05/Nov/2019 11:17:43] "GET /news/images?__debugger__=yes&cmd=resource&f=style.css HTTP/1.1" 200 -
INFO:werkzeug:127.0.0.1 - - [05/Nov/2019 11:17:43] "GET /news/images?__debugger__=yes&cmd=resource&f=debugger.js HTTP/1.1" 200 -
INFO:werkzeug:127.0.0.1 - - [05/Nov/2019 11:17:43] "GET /news/images?__debugger__=yes&cmd=resource&f=jquery.js HTTP/1.1" 200 -
INFO:werkzeug:127.0.0.1 - - [05/Nov/2019 11:17:43] "GET /news/images?__debugger__=yes&cmd=resource&f=ubuntu.ttf HTTP/1.1" 200 -
INFO:werkzeug:127.0.0.1 - - [05/Nov/2019 11:17:43] "GET /news/images?__debugger__=yes&cmd=resource&f=console.png HTTP/1.1" 200 -
INFO:werkzeug:127.0.0.1 - - [05/Nov/2019 11:17:44] "GET /news/images?__debugger__=yes&cmd=resource&f=console.png HTTP/1.1" 200 -
INFO:werkzeug: * Detected change in 'C:\\Users\\±Ë¡÷øœ\\PycharmProjects\\webservice\\news.py', reloading
INFO:werkzeug: * Restarting with stat
INFO:root:Flask web Server Started!!
WARNING:werkzeug: * Debugger is active!
INFO:werkzeug: * Debugger PIN: 277-437-979
INFO:werkzeug: * Running on http://localhost:8777/ (Press CTRL+C to quit)
DEBUG:urllib3.connectionpool:Starting new HTTPS connection (1): dapi.kakao.com:443
DEBUG:urllib3.connectionpool:https://dapi.kakao.com:443 "GET /v3/search/book?target=title&query=%EB%AF%B8%EC%9B%80%EB%B0%9B%EC%9D%84%20%EC%9A%A9%EA%B8%B0 HTTP/1.1" 200 None
INFO:werkzeug:127.0.0.1 - - [05/Nov/2019 11:18:01] "GET /news/images HTTP/1.1" 500 -
INFO:werkzeug:127.0.0.1 - - [05/Nov/2019 11:18:01] "GET /news/images?__debugger__=yes&cmd=resource&f=style.css HTTP/1.1" 200 -
INFO:werkzeug:127.0.0.1 - - [05/Nov/2019 11:18:01] "GET /news/images?__debugger__=yes&cmd=resource&f=jquery.js HTTP/1.1" 200 -
INFO:werkzeug:127.0.0.1 - - [05/Nov/2019 11:18:01] "GET /news/images?__debugger__=yes&cmd=resource&f=debugger.js HTTP/1.1" 200 -
INFO:werkzeug:127.0.0.1 - - [05/Nov/2019 11:18:02] "GET /news/images?__debugger__=yes&cmd=resource&f=ubuntu.ttf HTTP/1.1" 200 -
INFO:werkzeug:127.0.0.1 - - [05/Nov/2019 11:18:02] "GET /news/images?__debugger__=yes&cmd=resource&f=console.png HTTP/1.1" 200 -
INFO:werkzeug:127.0.0.1 - - [05/Nov/2019 11:18:02] "GET /news/images?__debugger__=yes&cmd=resource&f=console.png HTTP/1.1" 200 -
INFO:werkzeug: * Detected change in 'C:\\Users\\±Ë¡÷øœ\\PycharmProjects\\webservice\\news.py', reloading
INFO:werkzeug: * Restarting with stat
INFO:root:Flask web Server Started!!
WARNING:werkzeug: * Debugger is active!
INFO:werkzeug: * Debugger PIN: 277-437-979
INFO:werkzeug: * Running on http://localhost:8777/ (Press CTRL+C to quit)
DEBUG:urllib3.connectionpool:Starting new HTTPS connection (1): dapi.kakao.com:443
DEBUG:urllib3.connectionpool:https://dapi.kakao.com:443 "GET /v3/search/book?target=title&query=%EB%AF%B8%EC%9B%80%EB%B0%9B%EC%9D%84%20%EC%9A%A9%EA%B8%B0 HTTP/1.1" 200 None
INFO:werkzeug:127.0.0.1 - - [05/Nov/2019 11:18:31] "GET /news/images HTTP/1.1" 500 -
INFO:werkzeug:127.0.0.1 - - [05/Nov/2019 11:18:31] "GET /news/images?__debugger__=yes&cmd=resource&f=style.css HTTP/1.1" 200 -
INFO:werkzeug:127.0.0.1 - - [05/Nov/2019 11:18:31] "GET /news/images?__debugger__=yes&cmd=resource&f=jquery.js HTTP/1.1" 200 -
INFO:werkzeug:127.0.0.1 - - [05/Nov/2019 11:18:31] "GET /news/images?__debugger__=yes&cmd=resource&f=debugger.js HTTP/1.1" 200 -
INFO:werkzeug:127.0.0.1 - - [05/Nov/2019 11:18:31] "GET /news/images?__debugger__=yes&cmd=resource&f=ubuntu.ttf HTTP/1.1" 200 -
INFO:werkzeug:127.0.0.1 - - [05/Nov/2019 11:18:31] "GET /news/images?__debugger__=yes&cmd=resource&f=console.png HTTP/1.1" 200 -
INFO:werkzeug:127.0.0.1 - - [05/Nov/2019 11:18:31] "GET /news/images?__debugger__=yes&cmd=resource&f=console.png HTTP/1.1" 200 -
INFO:root:Flask web Server Started!!
INFO:werkzeug: * Restarting with stat
INFO:root:Flask web Server Started!!
WARNING:werkzeug: * Debugger is active!
INFO:werkzeug: * Debugger PIN: 277-437-979
INFO:werkzeug: * Running on http://localhost:8777/ (Press CTRL+C to quit)
ERROR:root:root!!!
INFO:werkzeug:127.0.0.1 - - [05/Nov/2019 11:18:55] "GET / HTTP/1.1" 200 -
DEBUG:urllib3.connectionpool:Starting new HTTPS connection (1): dapi.kakao.com:443
DEBUG:urllib3.connectionpool:https://dapi.kakao.com:443 "GET /v3/search/book?target=title&query=%EB%AF%B8%EC%9B%80%EB%B0%9B%EC%9D%84%20%EC%9A%A9%EA%B8%B0 HTTP/1.1" 200 None
INFO:werkzeug:127.0.0.1 - - [05/Nov/2019 11:19:01] "GET /news/images HTTP/1.1" 500 -
INFO:werkzeug:127.0.0.1 - - [05/Nov/2019 11:19:01] "GET /news/images?__debugger__=yes&cmd=resource&f=style.css HTTP/1.1" 200 -
INFO:werkzeug:127.0.0.1 - - [05/Nov/2019 11:19:02] "GET /news/images?__debugger__=yes&cmd=resource&f=jquery.js HTTP/1.1" 200 -
INFO:werkzeug:127.0.0.1 - - [05/Nov/2019 11:19:02] "GET /news/images?__debugger__=yes&cmd=resource&f=debugger.js HTTP/1.1" 200 -
INFO:werkzeug:127.0.0.1 - - [05/Nov/2019 11:19:02] "GET /news/images?__debugger__=yes&cmd=resource&f=ubuntu.ttf HTTP/1.1" 200 -
INFO:werkzeug:127.0.0.1 - - [05/Nov/2019 11:19:02] "GET /news/images?__debugger__=yes&cmd=resource&f=console.png HTTP/1.1" 200 -
INFO:werkzeug: * Detected change in 'C:\\Users\\±Ë¡÷øœ\\PycharmProjects\\webservice\\news.py', reloading
INFO:werkzeug: * Restarting with stat
INFO:root:Flask web Server Started!!
INFO:werkzeug: * Restarting with stat
INFO:root:Flask web Server Started!!
WARNING:werkzeug: * Debugger is active!
INFO:werkzeug: * Debugger PIN: 277-437-979
INFO:werkzeug: * Running on http://localhost:8777/ (Press CTRL+C to quit)
ERROR:root:root!!!
INFO:werkzeug:127.0.0.1 - - [05/Nov/2019 11:20:17] "GET / HTTP/1.1" 200 -
DEBUG:urllib3.connectionpool:Starting new HTTPS connection (1): dapi.kakao.com:443
DEBUG:urllib3.connectionpool:https://dapi.kakao.com:443 "GET /v3/search/book?target=title&query=%EB%AF%B8%EC%9B%80%EB%B0%9B%EC%9D%84%20%EC%9A%A9%EA%B8%B0 HTTP/1.1" 200 None
INFO:werkzeug:127.0.0.1 - - [05/Nov/2019 11:20:22] "GET /news/images HTTP/1.1" 500 -
INFO:werkzeug:127.0.0.1 - - [05/Nov/2019 11:20:22] "GET /news/images?__debugger__=yes&cmd=resource&f=style.css HTTP/1.1" 200 -
INFO:werkzeug:127.0.0.1 - - [05/Nov/2019 11:20:23] "GET /news/images?__debugger__=yes&cmd=resource&f=jquery.js HTTP/1.1" 200 -
INFO:werkzeug:127.0.0.1 - - [05/Nov/2019 11:20:23] "GET /news/images?__debugger__=yes&cmd=resource&f=debugger.js HTTP/1.1" 200 -
INFO:werkzeug:127.0.0.1 - - [05/Nov/2019 11:20:23] "GET /news/images?__debugger__=yes&cmd=resource&f=ubuntu.ttf HTTP/1.1" 200 -
INFO:werkzeug:127.0.0.1 - - [05/Nov/2019 11:20:23] "GET /news/images?__debugger__=yes&cmd=resource&f=console.png HTTP/1.1" 200 -
INFO:werkzeug: * Detected change in 'C:\\Users\\±Ë¡÷øœ\\PycharmProjects\\webservice\\news.py', reloading
INFO:werkzeug: * Restarting with stat
INFO:root:Flask web Server Started!!
WARNING:werkzeug: * Debugger is active!
INFO:werkzeug: * Debugger PIN: 277-437-979
INFO:werkzeug: * Running on http://localhost:8777/ (Press CTRL+C to quit)
DEBUG:urllib3.connectionpool:Starting new HTTPS connection (1): dapi.kakao.com:443
DEBUG:urllib3.connectionpool:https://dapi.kakao.com:443 "GET /v2/search/image?query=%EC%84%A4%ED%98%84 HTTP/1.1" 200 None
INFO:werkzeug:127.0.0.1 - - [05/Nov/2019 11:21:00] "GET /news/images HTTP/1.1" 500 -
INFO:werkzeug:127.0.0.1 - - [05/Nov/2019 11:21:00] "GET /news/images?__debugger__=yes&cmd=resource&f=style.css HTTP/1.1" 200 -
INFO:werkzeug:127.0.0.1 - - [05/Nov/2019 11:21:00] "GET /news/images?__debugger__=yes&cmd=resource&f=jquery.js HTTP/1.1" 200 -
INFO:werkzeug:127.0.0.1 - - [05/Nov/2019 11:21:00] "GET /news/images?__debugger__=yes&cmd=resource&f=debugger.js HTTP/1.1" 200 -
INFO:werkzeug:127.0.0.1 - - [05/Nov/2019 11:21:01] "GET /news/images?__debugger__=yes&cmd=resource&f=ubuntu.ttf HTTP/1.1" 200 -
INFO:werkzeug:127.0.0.1 - - [05/Nov/2019 11:21:01] "GET /news/images?__debugger__=yes&cmd=resource&f=console.png HTTP/1.1" 200 -
INFO:werkzeug:127.0.0.1 - - [05/Nov/2019 11:21:01] "GET /news/images?__debugger__=yes&cmd=resource&f=console.png HTTP/1.1" 200 -
DEBUG:urllib3.connectionpool:Starting new HTTPS connection (1): dapi.kakao.com:443
DEBUG:urllib3.connectionpool:https://dapi.kakao.com:443 "GET /v2/search/image?query=%EC%84%A4%ED%98%84 HTTP/1.1" 200 None
INFO:werkzeug:127.0.0.1 - - [05/Nov/2019 11:21:02] "GET /news/images HTTP/1.1" 500 -
INFO:werkzeug:127.0.0.1 - - [05/Nov/2019 11:21:02] "GET /news/images?__debugger__=yes&cmd=resource&f=style.css HTTP/1.1" 200 -
INFO:werkzeug:127.0.0.1 - - [05/Nov/2019 11:21:02] "GET /news/images?__debugger__=yes&cmd=resource&f=jquery.js HTTP/1.1" 200 -
INFO:werkzeug:127.0.0.1 - - [05/Nov/2019 11:21:02] "GET /news/images?__debugger__=yes&cmd=resource&f=debugger.js HTTP/1.1" 200 -
INFO:werkzeug:127.0.0.1 - - [05/Nov/2019 11:21:02] "GET /news/images?__debugger__=yes&cmd=resource&f=ubuntu.ttf HTTP/1.1" 200 -
INFO:werkzeug:127.0.0.1 - - [05/Nov/2019 11:21:02] "GET /news/images?__debugger__=yes&cmd=resource&f=console.png HTTP/1.1" 200 -
INFO:werkzeug:127.0.0.1 - - [05/Nov/2019 11:21:03] "GET /news/images?__debugger__=yes&cmd=resource&f=console.png HTTP/1.1" 200 -
INFO:werkzeug: * Detected change in 'C:\\Users\\±Ë¡÷øœ\\PycharmProjects\\webservice\\news.py', reloading
INFO:werkzeug: * Restarting with stat
INFO:root:Flask web Server Started!!
WARNING:werkzeug: * Debugger is active!
INFO:werkzeug: * Debugger PIN: 277-437-979
INFO:werkzeug: * Running on http://localhost:8777/ (Press CTRL+C to quit)
INFO:root:Flask web Server Started!!
INFO:werkzeug: * Restarting with stat
INFO:root:Flask web Server Started!!
WARNING:werkzeug: * Debugger is active!
INFO:werkzeug: * Debugger PIN: 277-437-979
INFO:werkzeug: * Running on http://localhost:8777/ (Press CTRL+C to quit)
ERROR:root:root!!!
INFO:werkzeug:127.0.0.1 - - [05/Nov/2019 11:21:36] "GET / HTTP/1.1" 200 -
DEBUG:urllib3.connectionpool:Starting new HTTPS connection (1): dapi.kakao.com:443
DEBUG:urllib3.connectionpool:https://dapi.kakao.com:443 "GET /v2/search/image?query=%EC%84%A4%ED%98%84 HTTP/1.1" 200 None
INFO:werkzeug:127.0.0.1 - - [05/Nov/2019 11:21:42] "GET /news/images HTTP/1.1" 500 -
INFO:werkzeug:127.0.0.1 - - [05/Nov/2019 11:21:42] "GET /news/images?__debugger__=yes&cmd=resource&f=style.css HTTP/1.1" 200 -
INFO:werkzeug:127.0.0.1 - - [05/Nov/2019 11:21:42] "GET /news/images?__debugger__=yes&cmd=resource&f=jquery.js HTTP/1.1" 200 -
INFO:werkzeug:127.0.0.1 - - [05/Nov/2019 11:21:42] "GET /news/images?__debugger__=yes&cmd=resource&f=debugger.js HTTP/1.1" 200 -
INFO:werkzeug:127.0.0.1 - - [05/Nov/2019 11:21:42] "GET /news/images?__debugger__=yes&cmd=resource&f=ubuntu.ttf HTTP/1.1" 200 -
INFO:werkzeug:127.0.0.1 - - [05/Nov/2019 11:21:42] "GET /news/images?__debugger__=yes&cmd=resource&f=console.png HTTP/1.1" 200 -
INFO:werkzeug: * Detected change in 'C:\\Users\\±Ë¡÷øœ\\PycharmProjects\\webservice\\news.py', reloading
INFO:werkzeug: * Restarting with stat
INFO:root:Flask web Server Started!!
WARNING:werkzeug: * Debugger is active!
INFO:werkzeug: * Debugger PIN: 277-437-979
INFO:werkzeug: * Running on http://localhost:8777/ (Press CTRL+C to quit)
DEBUG:urllib3.connectionpool:Starting new HTTPS connection (1): dapi.kakao.com:443
DEBUG:urllib3.connectionpool:https://dapi.kakao.com:443 "GET /v2/search/image?query=%EC%84%A4%ED%98%84 HTTP/1.1" 200 None
INFO:werkzeug:127.0.0.1 - - [05/Nov/2019 11:24:27] "GET /news/images HTTP/1.1" 500 -
INFO:werkzeug:127.0.0.1 - - [05/Nov/2019 11:24:27] "GET /news/images?__debugger__=yes&cmd=resource&f=style.css HTTP/1.1" 200 -
INFO:werkzeug:127.0.0.1 - - [05/Nov/2019 11:24:27] "GET /news/images?__debugger__=yes&cmd=resource&f=jquery.js HTTP/1.1" 200 -
INFO:werkzeug:127.0.0.1 - - [05/Nov/2019 11:24:28] "GET /news/images?__debugger__=yes&cmd=resource&f=debugger.js HTTP/1.1" 200 -
INFO:werkzeug:127.0.0.1 - - [05/Nov/2019 11:24:28] "GET /news/images?__debugger__=yes&cmd=resource&f=ubuntu.ttf HTTP/1.1" 200 -
INFO:werkzeug:127.0.0.1 - - [05/Nov/2019 11:24:28] "GET /news/images?__debugger__=yes&cmd=resource&f=console.png HTTP/1.1" 200 -
INFO:werkzeug:127.0.0.1 - - [05/Nov/2019 11:24:28] "GET /news/images?__debugger__=yes&cmd=resource&f=console.png HTTP/1.1" 200 -
INFO:werkzeug: * Detected change in 'C:\\Users\\±Ë¡÷øœ\\PycharmProjects\\webservice\\news.py', reloading
INFO:werkzeug: * Restarting with stat
INFO:root:Flask web Server Started!!
WARNING:werkzeug: * Debugger is active!
INFO:werkzeug: * Debugger PIN: 277-437-979
INFO:werkzeug: * Running on http://localhost:8777/ (Press CTRL+C to quit)
DEBUG:urllib3.connectionpool:Starting new HTTPS connection (1): dapi.kakao.com:443
DEBUG:urllib3.connectionpool:https://dapi.kakao.com:443 "GET /v2/search/image?query=%EC%84%A4%ED%98%84 HTTP/1.1" 200 None
INFO:werkzeug:127.0.0.1 - - [05/Nov/2019 11:24:41] "GET /news/images HTTP/1.1" 200 -
INFO:werkzeug: * Detected change in 'C:\\Users\\±Ë¡÷øœ\\PycharmProjects\\webservice\\news.py', reloading
INFO:werkzeug: * Restarting with stat
INFO:root:Flask web Server Started!!
WARNING:werkzeug: * Debugger is active!
INFO:werkzeug: * Debugger PIN: 277-437-979
INFO:werkzeug: * Running on http://localhost:8777/ (Press CTRL+C to quit)
DEBUG:urllib3.connectionpool:Starting new HTTPS connection (1): dapi.kakao.com:443
DEBUG:urllib3.connectionpool:https://dapi.kakao.com:443 "GET /v2/search/image?query=%EC%84%A4%ED%98%84 HTTP/1.1" 200 None
INFO:werkzeug:127.0.0.1 - - [05/Nov/2019 11:25:02] "GET /news/images HTTP/1.1" 200 -
DEBUG:urllib3.connectionpool:Starting new HTTPS connection (1): dapi.kakao.com:443
DEBUG:urllib3.connectionpool:https://dapi.kakao.com:443 "GET /v2/search/image?query=%EC%84%A4%ED%98%84 HTTP/1.1" 200 None
INFO:werkzeug:127.0.0.1 - - [05/Nov/2019 11:26:26] "GET /news/images HTTP/1.1" 200 -
DEBUG:urllib3.connectionpool:Starting new HTTPS connection (1): dapi.kakao.com:443
DEBUG:urllib3.connectionpool:https://dapi.kakao.com:443 "GET /v2/search/image?query=%EC%84%A4%ED%98%84 HTTP/1.1" 200 None
INFO:werkzeug:127.0.0.1 - - [05/Nov/2019 11:35:09] "GET /news/images HTTP/1.1" 200 -
DEBUG:urllib3.connectionpool:Starting new HTTPS connection (1): dapi.kakao.com:443
DEBUG:urllib3.connectionpool:https://dapi.kakao.com:443 "GET /v2/search/image?query=%EC%84%A4%ED%98%84 HTTP/1.1" 200 None
INFO:werkzeug:127.0.0.1 - - [05/Nov/2019 11:35:10] "GET /news/images HTTP/1.1" 200 -
DEBUG:urllib3.connectionpool:Starting new HTTPS connection (1): dapi.kakao.com:443
DEBUG:urllib3.connectionpool:https://dapi.kakao.com:443 "GET /v2/search/image?query=%EC%84%A4%ED%98%84 HTTP/1.1" 200 None
INFO:werkzeug:127.0.0.1 - - [05/Nov/2019 11:35:10] "GET /news/images HTTP/1.1" 200 -
DEBUG:urllib3.connectionpool:Starting new HTTPS connection (1): dapi.kakao.com:443
DEBUG:urllib3.connectionpool:https://dapi.kakao.com:443 "GET /v2/search/image?query=%EC%84%A4%ED%98%84 HTTP/1.1" 200 None
INFO:werkzeug:127.0.0.1 - - [05/Nov/2019 11:35:10] "GET /news/images HTTP/1.1" 200 -
DEBUG:urllib3.connectionpool:Starting new HTTPS connection (1): dapi.kakao.com:443
DEBUG:urllib3.connectionpool:https://dapi.kakao.com:443 "GET /v2/search/image?query=%EC%84%A4%ED%98%84 HTTP/1.1" 200 None
INFO:werkzeug:127.0.0.1 - - [05/Nov/2019 11:35:44] "GET /news/images HTTP/1.1" 200 -
INFO:werkzeug: * Detected change in 'C:\\Users\\±Ë¡÷øœ\\PycharmProjects\\webservice\\news.py', reloading
INFO:werkzeug: * Restarting with stat
INFO:root:Flask web Server Started!!
WARNING:werkzeug: * Debugger is active!
INFO:werkzeug: * Debugger PIN: 277-437-979
INFO:werkzeug: * Running on http://localhost:8777/ (Press CTRL+C to quit)
DEBUG:urllib3.connectionpool:Starting new HTTPS connection (1): dapi.kakao.com:443
DEBUG:urllib3.connectionpool:https://dapi.kakao.com:443 "GET /v2/search/image?query=%ED%8C%8C%EC%9D%B4%EC%8D%AC HTTP/1.1" 200 None
INFO:werkzeug:127.0.0.1 - - [05/Nov/2019 11:38:36] "GET /news/images HTTP/1.1" 200 -
ERROR:root:root!!!
INFO:werkzeug:127.0.0.1 - - [05/Nov/2019 12:26:11] "GET / HTTP/1.1" 200 -
INFO:werkzeug: * Detected change in 'C:\\Users\\±Ë¡÷øœ\\PycharmProjects\\webservice\\application.py', reloading
INFO:werkzeug: * Restarting with stat
INFO:root:Flask web Server Started!!
WARNING:werkzeug: * Debugger is active!
INFO:werkzeug: * Debugger PIN: 277-437-979
INFO:werkzeug: * Running on http://localhost:8777/ (Press CTRL+C to quit)
ERROR:root:root!!!
INFO:werkzeug:127.0.0.1 - - [05/Nov/2019 12:28:16] "GET / HTTP/1.1" 200 -
INFO:werkzeug:127.0.0.1 - - [05/Nov/2019 12:28:16] "GET /static/assets/css/material-dashboard.css?v=2.1.1 HTTP/1.1" 200 -
ERROR:root:root!!!
INFO:werkzeug:127.0.0.1 - - [05/Nov/2019 12:28:20] "GET / HTTP/1.1" 200 -
ERROR:root:root!!!
INFO:werkzeug:127.0.0.1 - - [05/Nov/2019 12:28:25] "GET / HTTP/1.1" 200 -
ERROR:root:root!!!
INFO:werkzeug:127.0.0.1 - - [05/Nov/2019 12:28:25] "GET / HTTP/1.1" 200 -
ERROR:root:root!!!
INFO:werkzeug:127.0.0.1 - - [05/Nov/2019 12:28:25] "GET / HTTP/1.1" 200 -
ERROR:root:root!!!
INFO:werkzeug:127.0.0.1 - - [05/Nov/2019 12:28:26] "GET / HTTP/1.1" 200 -
ERROR:root:root!!!
INFO:werkzeug:127.0.0.1 - - [05/Nov/2019 12:28:26] "GET / HTTP/1.1" 200 -
ERROR:root:root!!!
INFO:werkzeug:127.0.0.1 - - [05/Nov/2019 12:28:26] "GET / HTTP/1.1" 200 -
ERROR:root:root!!!
INFO:werkzeug:127.0.0.1 - - [05/Nov/2019 12:28:26] "GET / HTTP/1.1" 200 -
ERROR:root:root!!!
INFO:werkzeug:127.0.0.1 - - [05/Nov/2019 12:28:26] "GET / HTTP/1.1" 200 -
ERROR:root:root!!!
INFO:werkzeug:127.0.0.1 - - [05/Nov/2019 12:29:34] "GET / HTTP/1.1" 200 -
ERROR:root:root!!!
INFO:werkzeug:127.0.0.1 - - [05/Nov/2019 12:36:03] "GET / HTTP/1.1" 200 -
ERROR:root:root!!!
INFO:werkzeug:127.0.0.1 - - [05/Nov/2019 12:37:04] "GET / HTTP/1.1" 200 -
ERROR:root:root!!!
INFO:werkzeug:127.0.0.1 - - [05/Nov/2019 12:37:59] "GET / HTTP/1.1" 200 -
ERROR:root:root!!!
INFO:werkzeug:127.0.0.1 - - [05/Nov/2019 12:42:02] "GET / HTTP/1.1" 200 -
DEBUG:urllib3.connectionpool:Starting new HTTPS connection (1): dapi.kakao.com:443
DEBUG:urllib3.connectionpool:https://dapi.kakao.com:443 "GET /v2/search/image?query=%ED%8C%8C%EC%9D%B4%EC%8D%AC HTTP/1.1" 200 None
INFO:werkzeug:127.0.0.1 - - [05/Nov/2019 12:42:05] "GET /news/images HTTP/1.1" 200 -
DEBUG:urllib3.connectionpool:Starting new HTTPS connection (1): dapi.kakao.com:443
DEBUG:urllib3.connectionpool:https://dapi.kakao.com:443 "GET /v2/search/image?query=%ED%8C%8C%EC%9D%B4%EC%8D%AC HTTP/1.1" 200 None
INFO:werkzeug:127.0.0.1 - - [05/Nov/2019 12:42:45] "GET /news/images HTTP/1.1" 200 -
ERROR:root:root!!!
INFO:werkzeug:127.0.0.1 - - [05/Nov/2019 12:42:50] "GET / HTTP/1.1" 200 -
ERROR:root:root!!!
INFO:werkzeug:127.0.0.1 - - [05/Nov/2019 12:42:51] "GET / HTTP/1.1" 200 -
ERROR:root:root!!!
INFO:werkzeug:127.0.0.1 - - [05/Nov/2019 12:42:51] "GET / HTTP/1.1" 200 -
ERROR:root:root!!!
INFO:werkzeug:127.0.0.1 - - [05/Nov/2019 12:42:56] "GET / HTTP/1.1" 200 -
ERROR:root:root!!!
INFO:werkzeug:127.0.0.1 - - [05/Nov/2019 12:42:56] "GET / HTTP/1.1" 200 -
ERROR:root:root!!!
INFO:werkzeug:127.0.0.1 - - [05/Nov/2019 12:42:57] "GET / HTTP/1.1" 200 -
ERROR:root:root!!!
INFO:werkzeug:127.0.0.1 - - [05/Nov/2019 12:42:57] "GET / HTTP/1.1" 200 -
ERROR:root:root!!!
INFO:werkzeug:127.0.0.1 - - [05/Nov/2019 12:42:58] "GET / HTTP/1.1" 200 -
DEBUG:urllib3.connectionpool:Starting new HTTPS connection (1): dapi.kakao.com:443
DEBUG:urllib3.connectionpool:https://dapi.kakao.com:443 "GET /v2/search/image?query=%ED%8C%8C%EC%9D%B4%EC%8D%AC HTTP/1.1" 200 None
INFO:werkzeug:127.0.0.1 - - [05/Nov/2019 12:42:59] "GET /news/images HTTP/1.1" 200 -
ERROR:root:root!!!
INFO:werkzeug:127.0.0.1 - - [05/Nov/2019 12:43:01] "GET / HTTP/1.1" 200 -
DEBUG:urllib3.connectionpool:Starting new HTTPS connection (1): dapi.kakao.com:443
DEBUG:urllib3.connectionpool:https://dapi.kakao.com:443 "GET /v2/search/image?query=%ED%8C%8C%EC%9D%B4%EC%8D%AC HTTP/1.1" 200 None
INFO:werkzeug:127.0.0.1 - - [05/Nov/2019 12:43:01] "GET /news/images HTTP/1.1" 200 -
INFO:werkzeug: * Detected change in 'C:\\Users\\±Ë¡÷øœ\\PycharmProjects\\webservice\\application.py', reloading
INFO:werkzeug: * Restarting with stat
INFO:root:Flask web Server Started!!
WARNING:werkzeug: * Debugger is active!
INFO:werkzeug: * Debugger PIN: 277-437-979
INFO:werkzeug: * Running on http://localhost:8777/ (Press CTRL+C to quit)
INFO:werkzeug: * Detected change in 'C:\\Users\\±Ë¡÷øœ\\PycharmProjects\\webservice\\news.py', reloading
INFO:werkzeug: * Restarting with stat
INFO:root:Flask web Server Started!!
WARNING:werkzeug: * Debugger is active!
INFO:werkzeug: * Debugger PIN: 277-437-979
INFO:werkzeug: * Running on http://localhost:8777/ (Press CTRL+C to quit)
ERROR:root:root!!!
INFO:werkzeug:127.0.0.1 - - [05/Nov/2019 12:48:02] "GET / HTTP/1.1" 200 -
DEBUG:urllib3.connectionpool:Starting new HTTPS connection (1): dapi.kakao.com:443
DEBUG:urllib3.connectionpool:https://dapi.kakao.com:443 "GET /v2/search/image?query=%ED%8C%8C%EC%9D%B4%EC%8D%AC HTTP/1.1" 200 None
INFO:werkzeug:127.0.0.1 - - [05/Nov/2019 12:48:03] "GET /news/images HTTP/1.1" 200 -
ERROR:root:root!!!
INFO:werkzeug:127.0.0.1 - - [05/Nov/2019 12:48:05] "GET / HTTP/1.1" 200 -
DEBUG:urllib3.connectionpool:Starting new HTTPS connection (1): dapi.kakao.com:443
DEBUG:urllib3.connectionpool:https://dapi.kakao.com:443 "GET /v2/search/image?query=%ED%8C%8C%EC%9D%B4%EC%8D%AC HTTP/1.1" 200 None
INFO:werkzeug:127.0.0.1 - - [05/Nov/2019 12:48:06] "GET /news/images HTTP/1.1" 200 -
INFO:root:Flask web Server Started!!
INFO:werkzeug: * Restarting with stat
INFO:root:Flask web Server Started!!
WARNING:werkzeug: * Debugger is active!
INFO:werkzeug: * Debugger PIN: 277-437-979
INFO:werkzeug: * Running on http://localhost:8777/ (Press CTRL+C to quit)
INFO:root:Flask Web Server Started!!!
INFO:werkzeug: * Restarting with stat
INFO:root:Flask Web Server Started!!!
WARNING:werkzeug: * Debugger is active!
INFO:werkzeug: * Debugger PIN: 277-437-979
INFO:werkzeug: * Running on http://localhost:8777/ (Press CTRL+C to quit)
INFO:werkzeug: * Detected change in 'C:\\Users\\±Ë¡÷øœ\\PycharmProjects\\webservice\\database\\base.py', reloading
INFO:werkzeug: * Restarting with stat
INFO:root:Flask Web Server Started!!!
INFO:werkzeug: * Restarting with stat
INFO:root:Flask Web Server Started!!!
WARNING:werkzeug: * Debugger is active!
INFO:werkzeug: * Debugger PIN: 277-437-979
INFO:werkzeug: * Running on http://localhost:8777/ (Press CTRL+C to quit)
INFO:werkzeug:127.0.0.1 - - [19/Nov/2019 12:34:08] "GET /html_test HTTP/1.1" 404 -
INFO:werkzeug:127.0.0.1 - - [19/Nov/2019 12:34:09] "GET /favicon.ico HTTP/1.1" 404 -
INFO:werkzeug:127.0.0.1 - - [19/Nov/2019 12:34:13] "GET / HTTP/1.1" 200 -
INFO:werkzeug:127.0.0.1 - - [19/Nov/2019 12:34:14] "GET /static/assets/css/material-dashboard.css?v=2.1.1 HTTP/1.1" 200 -
DEBUG:urllib3.connectionpool:Starting new HTTPS connection (1): dapi.kakao.com:443
DEBUG:urllib3.connectionpool:https://dapi.kakao.com:443 "GET /v2/search/image?query=%ED%8C%8C%EC%9D%B4%EC%8D%AC HTTP/1.1" 200 None
INFO:werkzeug:127.0.0.1 - - [19/Nov/2019 12:34:16] "GET /news/images HTTP/1.1" 200 -
INFO:werkzeug:127.0.0.1 - - [19/Nov/2019 12:34:21] "GET / HTTP/1.1" 200 -
INFO:werkzeug:127.0.0.1 - - [19/Nov/2019 12:34:27] "GET / HTTP/1.1" 200 -
DEBUG:urllib3.connectionpool:Starting new HTTPS connection (1): dapi.kakao.com:443
DEBUG:urllib3.connectionpool:https://dapi.kakao.com:443 "GET /v2/search/image?query=%ED%8C%8C%EC%9D%B4%EC%8D%AC HTTP/1.1" 200 None
INFO:werkzeug:127.0.0.1 - - [19/Nov/2019 12:34:31] "GET /news/images HTTP/1.1" 200 -
INFO:werkzeug:127.0.0.1 - - [19/Nov/2019 12:34:33] "GET / HTTP/1.1" 200 -
INFO:werkzeug:127.0.0.1 - - [19/Nov/2019 12:37:37] "GET /static/assets/css/dashboard-free.css.map HTTP/1.1" 404 -
INFO:werkzeug:127.0.0.1 - - [19/Nov/2019 12:41:23] "GET / HTTP/1.1" 200 -
INFO:werkzeug:127.0.0.1 - - [19/Nov/2019 12:41:24] "GET /static/assets/css/dashboard-free.css.map HTTP/1.1" 404 -
INFO:werkzeug:127.0.0.1 - - [19/Nov/2019 12:41:37] "GET /home HTTP/1.1" 404 -
INFO:werkzeug:127.0.0.1 - - [19/Nov/2019 12:41:40] "GET / HTTP/1.1" 200 -
INFO:werkzeug:127.0.0.1 - - [19/Nov/2019 12:41:41] "GET / HTTP/1.1" 200 -
DEBUG:urllib3.connectionpool:Starting new HTTPS connection (1): dapi.kakao.com:443
DEBUG:urllib3.connectionpool:https://dapi.kakao.com:443 "GET /v2/search/image?query=%ED%8C%8C%EC%9D%B4%EC%8D%AC HTTP/1.1" 200 None
INFO:werkzeug:127.0.0.1 - - [19/Nov/2019 12:41:42] "GET /news/images HTTP/1.1" 200 -
INFO:werkzeug:127.0.0.1 - - [19/Nov/2019 12:41:44] "GET / HTTP/1.1" 200 -
INFO:werkzeug:127.0.0.1 - - [19/Nov/2019 12:42:55] "GET / HTTP/1.1" 200 -
INFO:werkzeug:127.0.0.1 - - [19/Nov/2019 12:42:56] "GET / HTTP/1.1" 200 -
INFO:werkzeug:127.0.0.1 - - [19/Nov/2019 12:42:56] "GET / HTTP/1.1" 200 -
DEBUG:urllib3.connectionpool:Starting new HTTPS connection (1): dapi.kakao.com:443
DEBUG:urllib3.connectionpool:https://dapi.kakao.com:443 "GET /v2/search/image?query=%ED%8C%8C%EC%9D%B4%EC%8D%AC HTTP/1.1" 200 None
INFO:werkzeug:127.0.0.1 - - [19/Nov/2019 12:42:57] "GET /news/images HTTP/1.1" 200 -
INFO:werkzeug:127.0.0.1 - - [19/Nov/2019 12:42:58] "GET / HTTP/1.1" 200 -
INFO:werkzeug:127.0.0.1 - - [19/Nov/2019 12:46:24] "GET / HTTP/1.1" 200 -
INFO:werkzeug:127.0.0.1 - - [19/Nov/2019 12:47:28] "GET / HTTP/1.1" 500 -
INFO:werkzeug:127.0.0.1 - - [19/Nov/2019 12:47:28] "GET /?__debugger__=yes&cmd=resource&f=style.css HTTP/1.1" 200 -
INFO:werkzeug:127.0.0.1 - - [19/Nov/2019 12:47:28] "GET /?__debugger__=yes&cmd=resource&f=jquery.js HTTP/1.1" 200 -
INFO:werkzeug:127.0.0.1 - - [19/Nov/2019 12:47:29] "GET /?__debugger__=yes&cmd=resource&f=debugger.js HTTP/1.1" 200 -
INFO:werkzeug:127.0.0.1 - - [19/Nov/2019 12:47:29] "GET /?__debugger__=yes&cmd=resource&f=ubuntu.ttf HTTP/1.1" 200 -
INFO:werkzeug:127.0.0.1 - - [19/Nov/2019 12:47:29] "GET /?__debugger__=yes&cmd=resource&f=console.png HTTP/1.1" 200 -
INFO:werkzeug:127.0.0.1 - - [19/Nov/2019 12:47:29] "GET /?__debugger__=yes&cmd=resource&f=console.png HTTP/1.1" 200 -
INFO:werkzeug:127.0.0.1 - - [19/Nov/2019 12:47:39] "GET / HTTP/1.1" 200 -
INFO:werkzeug:127.0.0.1 - - [19/Nov/2019 12:48:10] "GET / HTTP/1.1" 200 -
INFO:werkzeug:127.0.0.1 - - [19/Nov/2019 12:48:11] "GET /home HTTP/1.1" 404 -
INFO:root:Flask Web Server Started!!!
INFO:werkzeug: * Restarting with stat
INFO:root:Flask Web Server Started!!!
WARNING:werkzeug: * Debugger is active!
INFO:werkzeug: * Debugger PIN: 277-437-979
INFO:werkzeug: * Running on http://localhost:8777/ (Press CTRL+C to quit)
INFO:werkzeug:127.0.0.1 - - [08/Dec/2019 15:54:47] "GET / HTTP/1.1" 200 -
INFO:werkzeug:127.0.0.1 - - [08/Dec/2019 15:54:48] "GET /static/assets/css/material-dashboard.css?v=2.1.1 HTTP/1.1" 200 -
INFO:werkzeug:127.0.0.1 - - [08/Dec/2019 15:54:48] "GET /favicon.ico HTTP/1.1" 404 -
INFO:werkzeug:127.0.0.1 - - [08/Dec/2019 15:54:50] "GET / HTTP/1.1" 200 -
DEBUG:urllib3.connectionpool:Starting new HTTPS connection (1): dapi.kakao.com:443
DEBUG:urllib3.connectionpool:https://dapi.kakao.com:443 "GET /v2/search/image?query=%ED%8C%8C%EC%9D%B4%EC%8D%AC HTTP/1.1" 200 None
INFO:werkzeug:127.0.0.1 - - [08/Dec/2019 15:54:51] "GET /news/images HTTP/1.1" 200 -
DEBUG:urllib3.connectionpool:Starting new HTTPS connection (1): dapi.kakao.com:443
DEBUG:urllib3.connectionpool:https://dapi.kakao.com:443 "GET /v2/search/image?query=%ED%8C%8C%EC%9D%B4%EC%8D%AC HTTP/1.1" 200 None
INFO:werkzeug:127.0.0.1 - - [08/Dec/2019 15:54:56] "GET /news/images HTTP/1.1" 200 -
